<html>
<body>
<pre>
<h1>礦ision Build Log</h1>
<h2>Tool Versions:</h2>
IDE-Version: μVision V5.37.0.0
Copyright (C) 2022 ARM Ltd and ARM Germany GmbH. All rights reserved.
License Information: X X, X, LIC=GMZI6-DQED5-JJK6S-LE4C4-AANN9-72DG0
 
Tool Versions:
Toolchain:       MDK-ARM Plus  Version: 5.37.0.0
Toolchain Path:  C:\Keil_v5\ARM\ARMCLANG\Bin
C Compiler:      ArmClang.exe V6.18
Assembler:       Armasm.exe V6.18
Linker/Locator:  ArmLink.exe V6.18
Library Manager: ArmAr.exe V6.18
Hex Converter:   FromElf.exe V6.18
CPU DLL:         
Dialog DLL:      
Target DLL:      STLink\ST-LINKIII-KEIL_SWO.dll V3.0.9.0
Dialog DLL:      TCM.DLL V1.56.1.0
 
<h2>Project:</h2>
E:\STM32H503_LPS28DFW\STM32H503_LPS28DFW_project2\MDK-ARM\STM32H503_LPS28DFW_project2.uvprojx
Project File Date:  12/15/2024

<h2>Output:</h2>
*** Using Compiler 'V6.18', folder: 'C:\Keil_v5\ARM\ARMCLANG\Bin'
Rebuild target 'STM32H503_LPS28DFW_project2'
compiling memorymap.c...
compiling icache.c...
compiling i2c.c...
compiling usart.c...
assembling startup_stm32h503xx.s...
compiling stm32h5xx_hal_msp.c...
compiling gpio.c...
compiling stm32h5xx_it.c...
compiling stm32h5xx_hal_i2c_ex.c...
../Core/Src/main.c(199): warning: illegal character encoding in string literal [-Winvalid-source-encoding]
                                printf("<B3><F5>始<BB><AF>压强:%6.2fhPa,<CE>露<C8>:%6.2f\r\n",open_h,data.heat.deg_c);
                                        ^~~~~~~~ ~~~~~~~~            ~~~~ ~~~~
../Core/Src/main.c(207): warning: illegal character encoding in string literal [-Winvalid-source-encoding]
                                printf("压强:%6.2fhPa,水<C9><EE>:%6.2f cm,<CE>露<C8>:%6.2f\r\n",data.pressure.hpa,h*100*100,data.heat.deg_c);
                                                     ^~~~~~~~          ~~~~ ~~~~
2 warnings generated.
compiling main.c...
compiling stm32h5xx_hal_cortex.c...
compiling lps28dfw_reg.c...
compiling stm32h5xx_hal_dma.c...
compiling stm32h5xx_hal_pwr.c...
compiling stm32h5xx_hal_gpio.c...
compiling stm32h5xx_hal_flash.c...
compiling stm32h5xx_hal_pwr_ex.c...
compiling stm32h5xx_hal.c...
compiling stm32h5xx_hal_exti.c...
compiling stm32h5xx_hal_rcc.c...
compiling stm32h5xx_hal_flash_ex.c...
compiling stm32h5xx_hal_dma_ex.c...
compiling stm32h5xx_hal_rcc_ex.c...
compiling stm32h5xx_hal_tim_ex.c...
compiling stm32h5xx_hal_tim.c...
compiling stm32h5xx_hal_icache.c...
compiling system_stm32h5xx.c...
compiling stm32h5xx_hal_i2c.c...
compiling stm32h5xx_hal_uart_ex.c...
compiling stm32h5xx_hal_uart.c...
linking...
Program Size: Code=20416 RO-data=696 RW-data=16 ZI-data=1280  
FromELF: creating hex file...
"STM32H503_LPS28DFW_project2\STM32H503_LPS28DFW_project2.axf" - 0 Error(s), 2 Warning(s).

<h2>Software Packages used:</h2>

Package Vendor: ARM
                http://www.keil.com/pack/ARM.CMSIS.5.9.0.pack
                ARM.CMSIS.5.9.0
                CMSIS (Common Microcontroller Software Interface Standard)
   * Component: CORE Version: 5.6.0

Package Vendor: Keil
                https://www.keil.com/pack/Keil.STM32H5xx_DFP.1.0.0.pack
                Keil.STM32H5xx_DFP.1.0.0
                STMicroelectronics STM32H5 Series Device Support

<h2>Collection of Component include folders:</h2>
  ./RTE/_STM32H503_LPS28DFW_project2
  C:/Users/a8456/AppData/Local/Arm/Packs/ARM/CMSIS/5.9.0/CMSIS/Core/Include
  C:/Users/a8456/AppData/Local/Arm/Packs/Keil/STM32H5xx_DFP/1.0.0/Drivers/CMSIS/Device/ST/STM32H5xx/Include

<h2>Collection of Component Files used:</h2>

   * Component: ARM::CMSIS:CORE:5.6.0
      Include file:  CMSIS/Core/Include/tz_context.h
Build Time Elapsed:  00:00:02
</pre>
</body>
</html>
